// Jest Snapshot v1, https://goo.gl/fbAQLP

exports[`<DivOption /> renders correctly 1`] = `
ShallowWrapper {
  "length": 1,
  Symbol(enzyme.__root__): [Circular],
  Symbol(enzyme.__unrendered__): <DivOption
    checked={false}
    img="test.png"
    name="test"
    onChange={[Function]}
    value="test"
/>,
  Symbol(enzyme.__renderer__): Object {
    "batchedUpdates": [Function],
    "getNode": [Function],
    "render": [Function],
    "simulateEvent": [Function],
    "unmount": [Function],
  },
  Symbol(enzyme.__node__): Object {
    "instance": null,
    "key": undefined,
    "nodeType": "host",
    "props": Object {
      "children": <label
        className="div-option__label"
>
        <input
                className="div-option__input"
                defaultChecked={false}
                name="extensionViewType"
                onChange={[Function]}
                type="radio"
                value="test"
        />
        <span
                className="div-option__box"
        >
                <img
                        alt="test"
                        className="div-option__image"
                        src="test.png"
                />
        </span>
        <span
                className="div-option__text"
        >
                test
        </span>
</label>,
      "className": "div-option",
    },
    "ref": null,
    "rendered": Object {
      "instance": null,
      "key": undefined,
      "nodeType": "host",
      "props": Object {
        "children": Array [
          <input
            className="div-option__input"
            defaultChecked={false}
            name="extensionViewType"
            onChange={[Function]}
            type="radio"
            value="test"
/>,
          <span
            className="div-option__box"
>
            <img
                        alt="test"
                        className="div-option__image"
                        src="test.png"
            />
</span>,
          <span
            className="div-option__text"
>
            test
</span>,
        ],
        "className": "div-option__label",
      },
      "ref": null,
      "rendered": Array [
        Object {
          "instance": null,
          "key": undefined,
          "nodeType": "host",
          "props": Object {
            "className": "div-option__input",
            "defaultChecked": false,
            "name": "extensionViewType",
            "onChange": [Function],
            "type": "radio",
            "value": "test",
          },
          "ref": null,
          "rendered": null,
          "type": "input",
        },
        Object {
          "instance": null,
          "key": undefined,
          "nodeType": "host",
          "props": Object {
            "children": <img
              alt="test"
              className="div-option__image"
              src="test.png"
/>,
            "className": "div-option__box",
          },
          "ref": null,
          "rendered": Object {
            "instance": null,
            "key": undefined,
            "nodeType": "host",
            "props": Object {
              "alt": "test",
              "className": "div-option__image",
              "src": "test.png",
            },
            "ref": null,
            "rendered": null,
            "type": "img",
          },
          "type": "span",
        },
        Object {
          "instance": null,
          "key": undefined,
          "nodeType": "host",
          "props": Object {
            "children": "test",
            "className": "div-option__text",
          },
          "ref": null,
          "rendered": "test",
          "type": "span",
        },
      ],
      "type": "label",
    },
    "type": "div",
  },
  Symbol(enzyme.__nodes__): Array [
    Object {
      "instance": null,
      "key": undefined,
      "nodeType": "host",
      "props": Object {
        "children": <label
          className="div-option__label"
>
          <input
                    className="div-option__input"
                    defaultChecked={false}
                    name="extensionViewType"
                    onChange={[Function]}
                    type="radio"
                    value="test"
          />
          <span
                    className="div-option__box"
          >
                    <img
                              alt="test"
                              className="div-option__image"
                              src="test.png"
                    />
          </span>
          <span
                    className="div-option__text"
          >
                    test
          </span>
</label>,
        "className": "div-option",
      },
      "ref": null,
      "rendered": Object {
        "instance": null,
        "key": undefined,
        "nodeType": "host",
        "props": Object {
          "children": Array [
            <input
              className="div-option__input"
              defaultChecked={false}
              name="extensionViewType"
              onChange={[Function]}
              type="radio"
              value="test"
/>,
            <span
              className="div-option__box"
>
              <img
                            alt="test"
                            className="div-option__image"
                            src="test.png"
              />
</span>,
            <span
              className="div-option__text"
>
              test
</span>,
          ],
          "className": "div-option__label",
        },
        "ref": null,
        "rendered": Array [
          Object {
            "instance": null,
            "key": undefined,
            "nodeType": "host",
            "props": Object {
              "className": "div-option__input",
              "defaultChecked": false,
              "name": "extensionViewType",
              "onChange": [Function],
              "type": "radio",
              "value": "test",
            },
            "ref": null,
            "rendered": null,
            "type": "input",
          },
          Object {
            "instance": null,
            "key": undefined,
            "nodeType": "host",
            "props": Object {
              "children": <img
                alt="test"
                className="div-option__image"
                src="test.png"
/>,
              "className": "div-option__box",
            },
            "ref": null,
            "rendered": Object {
              "instance": null,
              "key": undefined,
              "nodeType": "host",
              "props": Object {
                "alt": "test",
                "className": "div-option__image",
                "src": "test.png",
              },
              "ref": null,
              "rendered": null,
              "type": "img",
            },
            "type": "span",
          },
          Object {
            "instance": null,
            "key": undefined,
            "nodeType": "host",
            "props": Object {
              "children": "test",
              "className": "div-option__text",
            },
            "ref": null,
            "rendered": "test",
            "type": "span",
          },
        ],
        "type": "label",
      },
      "type": "div",
    },
  ],
  Symbol(enzyme.__options__): Object {
    "adapter": ReactSixteenAdapter {
      "options": Object {
        "enableComponentDidUpdateOnSetState": true,
      },
    },
  },
}
`;
